---
source: tests/alternative_control_syntax.rs
expression: program
---
Program {
    statements: [
        Foreach {
            expr: Variable {
                name: Span {
                    start: 15,
                    end: 21,
                },
                span: Span {
                    start: 15,
                    end: 21,
                },
            },
            key_var: None,
            value_var: Variable {
                name: Span {
                    start: 25,
                    end: 30,
                },
                span: Span {
                    start: 25,
                    end: 30,
                },
            },
            body: [
                InlineHtml {
                    value: [
                        10,
                        32,
                        32,
                        32,
                        32,
                        60,
                        108,
                        105,
                        62,
                    ],
                    span: Span {
                        start: 35,
                        end: 47,
                    },
                },
                Echo {
                    exprs: [
                        Variable {
                            name: Span {
                                start: 48,
                                end: 53,
                            },
                            span: Span {
                                start: 48,
                                end: 53,
                            },
                        },
                    ],
                    span: Span {
                        start: 44,
                        end: 56,
                    },
                },
                InlineHtml {
                    value: [
                        60,
                        47,
                        108,
                        105,
                        62,
                        10,
                    ],
                    span: Span {
                        start: 56,
                        end: 68,
                    },
                },
            ],
            span: Span {
                start: 6,
                end: 82,
            },
        },
    ],
    errors: [],
    span: Span {
        start: 6,
        end: 82,
    },
}
