---
source: tests/snapshot_tests.rs
expression: program
---
Program {
    statements: [
        Echo {
            exprs: [
                Binary {
                    left: Binary {
                        left: Unary {
                            op: Minus,
                            expr: Integer {
                                value: [
                                    49,
                                ],
                                span: Span {
                                    start: 12,
                                    end: 13,
                                },
                            },
                            span: Span {
                                start: 11,
                                end: 13,
                            },
                        },
                        op: Concat,
                        right: String {
                            value: [
                                39,
                                104,
                                101,
                                108,
                                108,
                                111,
                                39,
                            ],
                            span: Span {
                                start: 16,
                                end: 23,
                            },
                        },
                        span: Span {
                            start: 11,
                            end: 23,
                        },
                    },
                    op: Concat,
                    right: Unary {
                        op: Not,
                        expr: Variable {
                            name: Span {
                                start: 27,
                                end: 31,
                            },
                            span: Span {
                                start: 27,
                                end: 31,
                            },
                        },
                        span: Span {
                            start: 26,
                            end: 31,
                        },
                    },
                    span: Span {
                        start: 11,
                        end: 31,
                    },
                },
            ],
            span: Span {
                start: 6,
                end: 32,
            },
        },
    ],
    span: Span {
        start: 0,
        end: 0,
    },
}
