---
source: tests/trait_adaptation_tests.rs
expression: program
---
Program {
    statements: [
        Class {
            attributes: [],
            modifiers: [],
            name: Token {
                kind: Identifier,
                span: Span {
                    start: 12,
                    end: 19,
                },
            },
            extends: None,
            implements: [],
            members: [
                TraitUse {
                    attributes: [],
                    traits: [
                        Name {
                            parts: [
                                Token {
                                    kind: Identifier,
                                    span: Span {
                                        start: 30,
                                        end: 37,
                                    },
                                },
                            ],
                            span: Span {
                                start: 30,
                                end: 37,
                            },
                        },
                    ],
                    adaptations: [],
                    span: Span {
                        start: 26,
                        end: 47,
                    },
                },
            ],
            span: Span {
                start: 6,
                end: 47,
            },
        },
    ],
    errors: [],
    span: Span {
        start: 6,
        end: 47,
    },
}
